exports[`test asyncComponent 1`] = `<AsyncComponent />`;

exports[`test asyncComponent 2`] = `
<AsyncComponent>
  <Component>
    <div>
      foo
    </div>
  </Component>
</AsyncComponent>
`;

exports[`test asyncComponent 3`] = `
<AsyncComponent
  baz="taz"
  foo="bar">
  <Component
    baz="taz"
    foo="bar">
    <div
      baz="taz"
      foo="bar">
      foo
    </div>
  </Component>
</AsyncComponent>
`;
