exports[`test asyncComponent 1`] = `<AsyncComponent />`;

exports[`test asyncComponent 2`] = `
<AsyncComponent>
  <Component>
    <div>
      foo
    </div>
  </Component>
</AsyncComponent>
`;

exports[`test asyncComponent 3`] = `
<AsyncComponent
  className="foo"
  style={
    Object {
      "color": "red",
    }
  }>
  <Component
    className="foo"
    style={
      Object {
        "color": "red",
      }
    }>
    <div
      className="foo"
      style={
        Object {
          "color": "red",
        }
      }>
      foo
    </div>
  </Component>
</AsyncComponent>
`;
